测速日志 2026-09-23 22:51:27
速度阈值: 140KB/s
去重功能: 已启用
EPG源: https://gh-proxy.com/https://raw.githubusercontent.com/adminouyang/231006/refs/heads/main/py/TV/EPG/epg.xml
[2026-09-23 22:51:35] ⚠️ 仅读取 9.2KB 数据: http://kakaxi.indevs.in/Disclaimer.mp4
[2026-09-23 22:51:35] ✅ 测速成功: http://kakaxi.indevs.in/Disclaimer.mp4
   速度: 9159.18KB/s > 140KB/s | 数据量: 9.2KB | 总耗时: 2.08s
[2026-09-23 22:51:44] ❌ 测速失败: http://gslbmgsplive.miguvideo.com/wd_r2/cctv/cctv1hd/1200/index.m3u8?msisdn=55bb397337e6861581c5adb5844db894&mdspid=&spid=699004&netType=0&sid=2201057821&pid=2028597139&timestamp=20260924015029&Channel_ID=0116_2600034600-99000-201600010010028&ProgramID=608807420&ParentNodeID=-99&assertID=2201057821&client_ip=39.103.182.111&SecurityKey=20260924015029&promotionId=&mvid=2201057821&mcid=500020&playurlVersion=WX-A1-9.9.2-SNAPSHOT&userid=&jmhm=&videocodec=h264&appCode=miguvideo_android&bean=mgspad&tid=android&conFee=0&puData=ba1663ff0be5218f515b42ce25570d45&ddCalcu=5b4avd1a06y76a535f2fe0cb2e45b251185f&sv=10004&ct=android
   错误: HTTPConnectionPool(host='gslbmgsplive.miguvideo.com', port=80): Max retries exceeded with url: /wd_r2/cctv/cctv1hd/1200/index.m3u8?msisdn=55bb397337e6861581c5adb5844db894&mdspid=&spid=699004&netType=0&sid=2201057821&pid=2028597139&timestamp=20260924015029&Channel_ID=0116_2600034600-99000-201600010010028&ProgramID=608807420&ParentNodeID=-99&assertID=2201057821&client_ip=39.103.182.111&SecurityKey=20260924015029&promotionId=&mvid=2201057821&mcid=500020&playurlVersion=WX-A1-9.9.2-SNAPSHOT&userid=&jmhm=&videocodec=h264&appCode=miguvideo_android&bean=mgspad&tid=android&conFee=0&puData=ba1663ff0be5218f515b42ce25570d45&ddCalcu=5b4avd1a06y76a535f2fe0cb2e45b251185f&sv=10004&ct=android (Caused by NewConnectionError("HTTPConnection(host='gslbmgsplive.miguvideo.com', port=80): Failed to establish a new connection: [Errno 101] Network is unreachable")) | 域名: gslbmgsplive.miguvideo.com:80
[2026-09-23 22:51:45] ⚠️ 仅读取 0.5KB 数据: http://121.4.119.229:80/608807420
[2026-09-23 22:51:45] ✅ 测速成功: http://121.4.119.229:80/608807420
   速度: 512.70KB/s > 140KB/s | 数据量: 0.5KB | 总耗时: 0.51s
[2026-09-23 22:51:45] ⚠️ 仅读取 0.1KB 数据: https://itv.1920.qzz.io/api/ysp.php?id=cctv1
[2026-09-23 22:51:45] ⚠️ 速度不足: https://itv.1920.qzz.io/api/ysp.php?id=cctv1
   速度: 76.17KB/s <= 140KB/s | 数据量: 0.1KB | 总耗时: 0.33s
[2026-09-23 22:51:47] ⚠️ 仅读取 0.0KB 数据: https://live.ottiptv.cc/douyu/4549169
[2026-09-23 22:51:47] ⚠️ 速度不足: https://live.ottiptv.cc/douyu/4549169
   速度: 0.00KB/s <= 140KB/s | 数据量: 0.0KB | 总耗时: 1.56s
[2026-09-23 22:51:48] ⚠️ 仅读取 0.3KB 数据: http://tvcdn.stream3.hndt.com/tv/65c4a6d5017e1000b2b6ea2500000000_transios/playlist.m3u8?wsSecret=6c2cf3a291550be97b234313673333a3&wsTime=1790215429
[2026-09-23 22:51:48] ✅ 测速成功: http://tvcdn.stream3.hndt.com/tv/65c4a6d5017e1000b2b6ea2500000000_transios/playlist.m3u8?wsSecret=6c2cf3a291550be97b234313673333a3&wsTime=1790215429
   速度: 349.61KB/s > 140KB/s | 数据量: 0.3KB | 总耗时: 1.42s
[2026-09-23 22:51:50] ⚠️ 仅读取 0.3KB 数据: https://dxtx.hntv.tv/live/lypd.m3u8?txSecret=10c771842a0be59e8b575d765173ec96&txTime=7B923E0A&wsSecret=a5a6e9e7823ac959dce2bf179314dc16&wsTime=1790215429
[2026-09-23 22:51:50] ✅ 测速成功: https://dxtx.hntv.tv/live/lypd.m3u8?txSecret=10c771842a0be59e8b575d765173ec96&txTime=7B923E0A&wsSecret=a5a6e9e7823ac959dce2bf179314dc16&wsTime=1790215429
   速度: 280.27KB/s > 140KB/s | 数据量: 0.3KB | 总耗时: 1.55s
[2026-09-23 22:51:50] ⚠️ 仅读取 0.2KB 数据: http://bztv.tvbus.cc:8081/cdnlive/cctv2.m3u8
[2026-09-23 22:51:50] ✅ 测速成功: http://bztv.tvbus.cc:8081/cdnlive/cctv2.m3u8
   速度: 205.08KB/s > 140KB/s | 数据量: 0.2KB | 总耗时: 0.55s
[2026-09-23 22:51:50] ⚠️ 仅读取 0.2KB 数据: http://173.208.212.130:8181/720p/cctv2.m3u8
[2026-09-23 22:51:50] ✅ 测速成功: http://173.208.212.130:8181/720p/cctv2.m3u8
   速度: 205.08KB/s > 140KB/s | 数据量: 0.2KB | 总耗时: 0.15s
[2026-09-23 22:51:51] ⚠️ 仅读取 0.2KB 数据: http://204.12.221.218:8181/3m1080p/cctv2.m3u8
[2026-09-23 22:51:51] ✅ 测速成功: http://204.12.221.218:8181/3m1080p/cctv2.m3u8
   速度: 205.08KB/s > 140KB/s | 数据量: 0.2KB | 总耗时: 0.15s
[2026-09-23 22:51:51] ⚠️ 仅读取 0.2KB 数据: http://173.208.234.146/live/cctv2.m3u8
[2026-09-23 22:51:51] ✅ 测速成功: http://173.208.234.146/live/cctv2.m3u8
   速度: 201.17KB/s > 140KB/s | 数据量: 0.2KB | 总耗时: 0.14s
[2026-09-23 22:51:51] ⚠️ 仅读取 0.2KB 数据: http://198.204.228.26/live/cctv2hd.m3u8
[2026-09-23 22:51:51] ✅ 测速成功: http://198.204.228.26/live/cctv2hd.m3u8
   速度: 205.08KB/s > 140KB/s | 数据量: 0.2KB | 总耗时: 0.14s
[2026-09-23 22:51:51] ⚠️ 仅读取 0.2KB 数据: http://74.91.26.218:82/live/cctv3hd.m3u8
[2026-09-23 22:51:51] ✅ 测速成功: http://74.91.26.218:82/live/cctv3hd.m3u8
   速度: 205.08KB/s > 140KB/s | 数据量: 0.2KB | 总耗时: 0.15s
[2026-09-23 22:51:53] ⚠️ 仅读取 0.3KB 数据: https://v4-702cae17a28d6e4f0c0002bba021d934.livehwc4.com/play.kankanlive.com/live/1698423397390920.m3u8?sub_m3u8=true&edge_slice=true&user_session_id=f2117a2643354d3dd455f1f8c3adec67
[2026-09-23 22:51:53] ✅ 测速成功: https://v4-702cae17a28d6e4f0c0002bba021d934.livehwc4.com/play.kankanlive.com/live/1698423397390920.m3u8?sub_m3u8=true&edge_slice=true&user_session_id=f2117a2643354d3dd455f1f8c3adec67
   速度: 314.45KB/s > 140KB/s | 数据量: 0.3KB | 总耗时: 1.64s
[2026-09-23 22:51:53] ⚠️ 仅读取 0.2KB 数据: http://221.226.51.220:50081/newlive/live/hls/11/live.m3u8
[2026-09-23 22:51:53] ✅ 测速成功: http://221.226.51.220:50081/newlive/live/hls/11/live.m3u8
   速度: 196.29KB/s > 140KB/s | 数据量: 0.2KB | 总耗时: 0.50s
[2026-09-23 22:51:54] ⚠️ 仅读取 0.3KB 数据: https://event.pull.hebtv.com/jishi/cp1.m3u8
[2026-09-23 22:51:54] ✅ 测速成功: https://event.pull.hebtv.com/jishi/cp1.m3u8
   速度: 319.34KB/s > 140KB/s | 数据量: 0.3KB | 总耗时: 1.21s
[2026-09-23 22:51:55] ⚠️ 仅读取 0.4KB 数据: http://120.238.94.82:9901/tsfile/live/1030_1.m3u8
[2026-09-23 22:51:55] ✅ 测速成功: http://120.238.94.82:9901/tsfile/live/1030_1.m3u8
   速度: 422.85KB/s > 140KB/s | 数据量: 0.4KB | 总耗时: 0.51s
[2026-09-23 22:51:55] ⚠️ 仅读取 7.3KB 数据: http://hlsztemgsplive.miguvideo.com:8080/wd_r2/2018/ocn/cctv10hd/1000/index.m3u8?msisdn=202609232201371783a012b1344dacafca1a49e54a46dd&mdspid=&spid=699004&netType=0&sid=5500212874&pid=2028597139&timestamp=20260923220137&Channel_ID=0116_2600000900-99000-201600010010027&ProgramID=624878405&ParentNodeID=-99&assertID=5500212874&client_ip=171.8.79.254&SecurityKey=20260923220137&promotionId=&mvid=5100001696&mcid=500020&playurlVersion=WX-A1-9.9.2-SNAPSHOT&userid=&jmhm=&videocodec=h264&appCode=miguvideo_android&bean=mgspad&tid=android&conFee=0&encrypt=c743f0683dcfc6aeee5f0f44b79e736e
[2026-09-23 22:51:55] ✅ 测速成功: http://hlsztemgsplive.miguvideo.com:8080/wd_r2/2018/ocn/cctv10hd/1000/index.m3u8?msisdn=202609232201371783a012b1344dacafca1a49e54a46dd&mdspid=&spid=699004&netType=0&sid=5500212874&pid=2028597139&timestamp=20260923220137&Channel_ID=0116_2600000900-99000-201600010010027&ProgramID=624878405&ParentNodeID=-99&assertID=5500212874&client_ip=171.8.79.254&SecurityKey=20260923220137&promotionId=&mvid=5100001696&mcid=500020&playurlVersion=WX-A1-9.9.2-SNAPSHOT&userid=&jmhm=&videocodec=h264&appCode=miguvideo_android&bean=mgspad&tid=android&conFee=0&encrypt=c743f0683dcfc6aeee5f0f44b79e736e
   速度: 7311.52KB/s > 140KB/s | 数据量: 7.3KB | 总耗时: 0.46s
[2026-09-23 22:51:57] ⚠️ 仅读取 0.8KB 数据: http://bp-resource-dfl.bestv.cn/148/3/video.m3u8
[2026-09-23 22:51:57] ✅ 测速成功: http://bp-resource-dfl.bestv.cn/148/3/video.m3u8
   速度: 833.01KB/s > 140KB/s | 数据量: 0.8KB | 总耗时: 1.17s
[2026-09-23 22:51:57] ⚠️ 仅读取 0.8KB 数据: https://bp-resource-dfl.bestv.cn/148/3/video.m3u8
[2026-09-23 22:51:57] ✅ 测速成功: https://bp-resource-dfl.bestv.cn/148/3/video.m3u8
   速度: 833.01KB/s > 140KB/s | 数据量: 0.8KB | 总耗时: 0.94s
[2026-09-23 22:51:58] ✅ 测速成功: https://txmov2.a.kwimgs.com/bs3/video-hls/5199687338554291078_hlsb.m3u8
   速度: 1567.14KB/s > 140KB/s | 数据量: 104.0KB | 总耗时: 0.89s
[2026-09-23 22:52:00] ⚠️ 仅读取 0.3KB 数据: https://liveout.xntv.tv/a65jur/96iln2.m3u8
[2026-09-23 22:52:00] ✅ 测速成功: https://liveout.xntv.tv/a65jur/96iln2.m3u8
   速度: 264.65KB/s > 140KB/s | 数据量: 0.3KB | 总耗时: 1.35s
[2026-09-23 22:52:01] ⚠️ 仅读取 0.5KB 数据: http://live.zohi.tv/video/s10001-fztv-3/index.m3u8
[2026-09-23 22:52:01] ✅ 测速成功: http://live.zohi.tv/video/s10001-fztv-3/index.m3u8
   速度: 498.05KB/s > 140KB/s | 数据量: 0.5KB | 总耗时: 1.20s
[2026-09-23 22:52:02] ⚠️ 仅读取 0.2KB 数据: http://122.152.202.33/s/81a8a44f/index.m3u8?id=15
[2026-09-23 22:52:02] ✅ 测速成功: http://122.152.202.33/s/81a8a44f/index.m3u8?id=15
   速度: 187.50KB/s > 140KB/s | 数据量: 0.2KB | 总耗时: 0.83s
[2026-09-23 22:52:03] ⚠️ 仅读取 0.2KB 数据: http://r.jdshipin.com/WtYt3
[2026-09-23 22:52:03] ✅ 测速成功: http://r.jdshipin.com/WtYt3
   速度: 242.19KB/s > 140KB/s | 数据量: 0.2KB | 总耗时: 1.11s
[2026-09-23 22:52:04] ⚠️ 仅读取 0.2KB 数据: https://hlscdn.liangtv.cn/live/0c4ef3a44b934cacb8b47121dfada66c/d7e04258157b480dae53883cc6f8123b.m3u8
[2026-09-23 22:52:04] ✅ 测速成功: https://hlscdn.liangtv.cn/live/0c4ef3a44b934cacb8b47121dfada66c/d7e04258157b480dae53883cc6f8123b.m3u8
   速度: 179.69KB/s > 140KB/s | 数据量: 0.2KB | 总耗时: 0.86s
[2026-09-23 22:52:04] ⚠️ 仅读取 0.4KB 数据: http://event.pull.hebtv.com/jishi/weishi_tingyun.m3u8
[2026-09-23 22:52:04] ✅ 测速成功: http://event.pull.hebtv.com/jishi/weishi_tingyun.m3u8
   速度: 383.79KB/s > 140KB/s | 数据量: 0.4KB | 总耗时: 0.52s
[2026-09-23 22:52:06] ⚠️ 仅读取 0.3KB 数据: http://play1-qk.nmtv.cn/live/1769652018126032.m3u8
[2026-09-23 22:52:06] ✅ 测速成功: http://play1-qk.nmtv.cn/live/1769652018126032.m3u8
   速度: 323.24KB/s > 140KB/s | 数据量: 0.3KB | 总耗时: 1.88s
[2026-09-23 22:52:07] ⚠️ 仅读取 0.3KB 数据: https://hls-qhmh.lanzhousobey.cn/qhmh/mhds.m3u8
[2026-09-23 22:52:07] ✅ 测速成功: https://hls-qhmh.lanzhousobey.cn/qhmh/mhds.m3u8
   速度: 299.80KB/s > 140KB/s | 数据量: 0.3KB | 总耗时: 1.33s
[2026-09-23 22:52:08] ⚠️ 仅读取 0.4KB 数据: http://153.0.171.163:9901/tsfile/live/0118_1.m3u8?key=txiptv&playlive=1&authid=0
[2026-09-23 22:52:08] ✅ 测速成功: http://153.0.171.163:9901/tsfile/live/0118_1.m3u8?key=txiptv&playlive=1&authid=0
   速度: 417.97KB/s > 140KB/s | 数据量: 0.4KB | 总耗时: 0.52s
[2026-09-23 22:52:09] ⚠️ 仅读取 0.2KB 数据: http://107.150.60.122/live/sxwshd.m3u8
[2026-09-23 22:52:09] ✅ 测速成功: http://107.150.60.122/live/sxwshd.m3u8
   速度: 165.04KB/s > 140KB/s | 数据量: 0.2KB | 总耗时: 0.89s
[2026-09-23 22:52:10] ⚠️ 仅读取 0.1KB 数据: https://hkstv.tv/api/m3u8-proxy?url=http%3A%2F%2Fwebcast.hkstv.tv%2Flivestream%2Fmutfysrq%2Fplaylist.m3u8
[2026-09-23 22:52:10] ⚠️ 速度不足: https://hkstv.tv/api/m3u8-proxy?url=http%3A%2F%2Fwebcast.hkstv.tv%2Flivestream%2Fmutfysrq%2Fplaylist.m3u8
   速度: 114.26KB/s <= 140KB/s | 数据量: 0.1KB | 总耗时: 1.19s
[2026-09-23 22:52:11] ⚠️ 仅读取 0.3KB 数据: http://218.84.12.186:8001/hls/main/playlist.m3u8?zxinjd;http://218.84.12.186:8001/hls/main/playlist.m3u8zxinjd
[2026-09-23 22:52:11] ✅ 测速成功: http://218.84.12.186:8001/hls/main/playlist.m3u8?zxinjd;http://218.84.12.186:8001/hls/main/playlist.m3u8zxinjd
   速度: 325.20KB/s > 140KB/s | 数据量: 0.3KB | 总耗时: 0.61s
[2026-09-23 22:52:12] ⚠️ 仅读取 0.5KB 数据: https://srs.iyb983.cn:443/video/CYS/index.m3u8
[2026-09-23 22:52:12] ✅ 测速成功: https://srs.iyb983.cn:443/video/CYS/index.m3u8
   速度: 504.88KB/s > 140KB/s | 数据量: 0.5KB | 总耗时: 1.66s
[2026-09-23 22:52:15] ⚠️ 仅读取 0.3KB 数据: https://hwapi.yntv.net/ew265l/z1z6s5.m3u8
[2026-09-23 22:52:15] ✅ 测速成功: https://hwapi.yntv.net/ew265l/z1z6s5.m3u8
   速度: 265.62KB/s > 140KB/s | 数据量: 0.3KB | 总耗时: 3.06s
[2026-09-23 22:52:19] ⚠️ 仅读取 0.3KB 数据: http://ali-xwl.cztv.com/live/channel011080Plxw.m3u8
[2026-09-23 22:52:19] ✅ 测速成功: http://ali-xwl.cztv.com/live/channel011080Plxw.m3u8
   速度: 344.73KB/s > 140KB/s | 数据量: 0.3KB | 总耗时: 3.23s
[2026-09-23 22:52:19] ⚠️ 仅读取 0.2KB 数据: https://cdn-4.pishow.tv/live/1473/master.m3u8
[2026-09-23 22:52:19] ✅ 测速成功: https://cdn-4.pishow.tv/live/1473/master.m3u8
   速度: 152.34KB/s > 140KB/s | 数据量: 0.2KB | 总耗时: 0.70s
[2026-09-23 22:52:20] ⚠️ 仅读取 0.2KB 数据: https://d1k6kax80wecy5.cloudfront.net/RLnAKY/index.m3u8
[2026-09-23 22:52:20] ✅ 测速成功: https://d1k6kax80wecy5.cloudfront.net/RLnAKY/index.m3u8
   速度: 237.30KB/s > 140KB/s | 数据量: 0.2KB | 总耗时: 0.76s
[2026-09-23 22:52:23] ❌ 测速失败: http://iptv.4666888.xyz/iptv2A.php?id=34
   错误: HTTPConnectionPool(host='iptv.4666888.xyz', port=80): Max retries exceeded with url: /iptv2A.php?id=34 (Caused by ConnectTimeoutError(<HTTPConnection(host='iptv.4666888.xyz', port=80) at 0x7f3ebf26fa30>, 'Connection to iptv.4666888.xyz timed out. (connect timeout=3.05)')) | 域名: iptv.4666888.xyz:80
[2026-09-23 22:52:23] ⚠️ 仅读取 0.1KB 数据: https://epg.pw/stream/5f16dc7fc8aaaed3205516c63e4a8c24bca9dbba1181684244729cf574505b0e.m3u8
[2026-09-23 22:52:23] ⚠️ 速度不足: https://epg.pw/stream/5f16dc7fc8aaaed3205516c63e4a8c24bca9dbba1181684244729cf574505b0e.m3u8
   速度: 124.02KB/s <= 140KB/s | 数据量: 0.1KB | 总耗时: 0.17s
[2026-09-23 22:52:23] ⚠️ 仅读取 5.1KB 数据: http://rbmn-live.akamaized.net/hls/live/590964/BoRB-AT/master_6660.m3u8
[2026-09-23 22:52:23] ✅ 测速成功: http://rbmn-live.akamaized.net/hls/live/590964/BoRB-AT/master_6660.m3u8
   速度: 5136.72KB/s > 140KB/s | 数据量: 5.1KB | 总耗时: 0.04s
[2026-09-23 22:52:23] ⚠️ 仅读取 0.2KB 数据: http://192.151.150.154/live/chcjt.m3u8
[2026-09-23 22:52:23] ✅ 测速成功: http://192.151.150.154/live/chcjt.m3u8
   速度: 199.22KB/s > 140KB/s | 数据量: 0.2KB | 总耗时: 0.14s
[2026-09-23 22:52:24] ⚠️ 仅读取 0.1KB 数据: http://222.128.55.152:9080/live/dwq.m3u8
[2026-09-23 22:52:24] ⚠️ 速度不足: http://222.128.55.152:9080/live/dwq.m3u8
   速度: 0.35KB/s <= 140KB/s | 数据量: 0.1KB | 总耗时: 0.75s
[2026-09-23 22:52:24] ⚠️ 仅读取 0.4KB 数据: http://live-hls-web-aja.getaj.net/AJA/02.m3u8
[2026-09-23 22:52:24] ✅ 测速成功: http://live-hls-web-aja.getaj.net/AJA/02.m3u8
   速度: 375.98KB/s > 140KB/s | 数据量: 0.4KB | 总耗时: 0.21s
[2026-09-23 22:52:26] ⚠️ 仅读取 0.3KB 数据: https://gcalic.v.myalicdn.com/gc/hlzycc_1/index.m3u8
[2026-09-23 22:52:26] ✅ 测速成功: https://gcalic.v.myalicdn.com/gc/hlzycc_1/index.m3u8
   速度: 319.34KB/s > 140KB/s | 数据量: 0.3KB | 总耗时: 1.30s
[2026-09-23 22:52:27] ⚠️ 仅读取 0.2KB 数据: http://gmxw.7766.org:808/hls/93/index.m3u8
[2026-09-23 22:52:27] ✅ 测速成功: http://gmxw.7766.org:808/hls/93/index.m3u8
   速度: 242.19KB/s > 140KB/s | 数据量: 0.2KB | 总耗时: 1.33s
[2026-09-23 22:52:28] ⚠️ 仅读取 0.4KB 数据: http://124.165.251.82:85/tsfile/live/0008_1.m3u8?key=txiptv&playlive=1&authid=0
[2026-09-23 22:52:28] ✅ 测速成功: http://124.165.251.82:85/tsfile/live/0008_1.m3u8?key=txiptv&playlive=1&authid=0
   速度: 418.95KB/s > 140KB/s | 数据量: 0.4KB | 总耗时: 0.52s
[2026-09-23 22:52:31] ⚠️ 仅读取 0.3KB 数据: http://ali-m-l.cztv.com/channels/lantian/channel21/1080p.m3u8
[2026-09-23 22:52:31] ✅ 测速成功: http://ali-m-l.cztv.com/channels/lantian/channel21/1080p.m3u8
   速度: 291.99KB/s > 140KB/s | 数据量: 0.3KB | 总耗时: 3.50s
[2026-09-23 22:52:32] ✅ 测速成功: https://live.264788.xyz/channel/cctv17?streamid=f9c36f1e95b5b35eac89cc89583e7c0a&livekey=01WgOR41rriMmMkzNsd0UoaxJRwetZdxIvtVk
   速度: 17606.05KB/s > 140KB/s | 数据量: 104.0KB | 总耗时: 0.97s
[2026-09-23 22:52:32] ⚠️ 仅读取 0.1KB 数据: https://0472.org/hls/cgtn.m3u8
[2026-09-23 22:52:32] ⚠️ 速度不足: https://0472.org/hls/cgtn.m3u8
   速度: 125.98KB/s <= 140KB/s | 数据量: 0.1KB | 总耗时: 0.31s
[2026-09-23 22:52:33] ⚠️ 仅读取 0.4KB 数据: http://english-livetx.cgtn.com/hls/yypdyyctzb_hd.m3u8
[2026-09-23 22:52:33] ✅ 测速成功: http://english-livetx.cgtn.com/hls/yypdyyctzb_hd.m3u8
   速度: 402.34KB/s > 140KB/s | 数据量: 0.4KB | 总耗时: 0.49s
[2026-09-23 22:52:33] ⚠️ 仅读取 0.4KB 数据: http://espanol-liveali.cgtn.com/hls/LSveOGBaBw41Ea7ukkVAUdKQ220802LSTexu6xAuFH8VZNBLE1ZNEa220802cd.m3u8
[2026-09-23 22:52:33] ✅ 测速成功: http://espanol-liveali.cgtn.com/hls/LSveOGBaBw41Ea7ukkVAUdKQ220802LSTexu6xAuFH8VZNBLE1ZNEa220802cd.m3u8
   速度: 428.71KB/s > 140KB/s | 数据量: 0.4KB | 总耗时: 0.24s
[2026-09-23 22:52:35] ⚠️ 速度不足: http://drive.mxmy.net:8888/udp/239.3.1.188:8001
   速度: 126.70KB/s <= 140KB/s | 数据量: 104.0KB | 总耗时: 1.43s
[2026-09-23 22:52:36] ⚠️ 仅读取 0.4KB 数据: https://gcwbndali.v.myalicdn.com/gcwbnd/ipanda1000_2/index.m3u8
[2026-09-23 22:52:36] ✅ 测速成功: https://gcwbndali.v.myalicdn.com/gcwbnd/ipanda1000_2/index.m3u8
   速度: 382.81KB/s > 140KB/s | 数据量: 0.4KB | 总耗时: 1.17s
[2026-09-23 22:52:37] ✅ 测速成功: https://vd2.bdstatic.com/mda-sctj0f96cn79js4n/1080p/cae_h264/1774710384405617311/mda-sctj0f96cn79js4n.mp4
   速度: 2574.99KB/s > 140KB/s | 数据量: 104.0KB | 总耗时: 1.07s
[2026-09-23 22:52:38] ⚠️ 仅读取 0.2KB 数据: http://hlsal-ldvt.qing.mgtv.com/nn_live/nn_x64/dWlwPTEyNy4wLjAuMSZ1aWQ9cWluZy1jbXMmbm5fdGltZXpvbmU9OCZjZG5leF9pZD1hbF9obHNfbGR2dCZ1dWlkPTliODY4NmU5ZTM2YzYwMmMmZT02OTE0NjA0JnY9MSZpZD1ITldTWkdTVCZzPTcwN2RiYTc2YzJjNmJmMTQ4MmUyZGYzOWU2NWM3YWFi/HNWSZGST.m3u8
[2026-09-23 22:52:38] ✅ 测速成功: http://hlsal-ldvt.qing.mgtv.com/nn_live/nn_x64/dWlwPTEyNy4wLjAuMSZ1aWQ9cWluZy1jbXMmbm5fdGltZXpvbmU9OCZjZG5leF9pZD1hbF9obHNfbGR2dCZ1dWlkPTliODY4NmU5ZTM2YzYwMmMmZT02OTE0NjA0JnY9MSZpZD1ITldTWkdTVCZzPTcwN2RiYTc2YzJjNmJmMTQ4MmUyZGYzOWU2NWM3YWFi/HNWSZGST.m3u8
   速度: 225.59KB/s > 140KB/s | 数据量: 0.2KB | 总耗时: 0.98s
[2026-09-23 22:52:40] ⚠️ 速度不足: http://www.yao87.com:4022/udp/239.76.246.101:1234
   速度: 55.76KB/s <= 140KB/s | 数据量: 104.0KB | 总耗时: 2.65s
[2026-09-23 22:52:41] ⚠️ 仅读取 0.4KB 数据: http://61.136.172.236:9901/tsfile/live/0121_1.m3u8?key=txiptv&playlive=1&authid=0
[2026-09-23 22:52:41] ✅ 测速成功: http://61.136.172.236:9901/tsfile/live/0121_1.m3u8?key=txiptv&playlive=1&authid=0
   速度: 428.71KB/s > 140KB/s | 数据量: 0.4KB | 总耗时: 1.11s
[2026-09-23 22:52:47] ⚠️ 仅读取 0.3KB 数据: http://l.cztvcloud.com/channels/lantian/SXxinchang2/720p.m3u8
[2026-09-23 22:52:47] ✅ 测速成功: http://l.cztvcloud.com/channels/lantian/SXxinchang2/720p.m3u8
   速度: 284.18KB/s > 140KB/s | 数据量: 0.3KB | 总耗时: 5.59s
[2026-09-23 22:52:48] ⚠️ 仅读取 0.3KB 数据: https://ali-m-l.cztv.com/channels/lantian/channel001/1080p.m3u8
[2026-09-23 22:52:48] ✅ 测速成功: https://ali-m-l.cztv.com/channels/lantian/channel001/1080p.m3u8
   速度: 291.99KB/s > 140KB/s | 数据量: 0.3KB | 总耗时: 0.66s
[2026-09-23 22:52:49] ⚠️ 仅读取 0.2KB 数据: https://test1.live.sdetv.com.cn/live/dianshizhibo/playlist.m3u8
[2026-09-23 22:52:49] ✅ 测速成功: https://test1.live.sdetv.com.cn/live/dianshizhibo/playlist.m3u8
   速度: 207.03KB/s > 140KB/s | 数据量: 0.2KB | 总耗时: 1.72s
[2026-09-23 22:52:50] ⚠️ 仅读取 0.6KB 数据: https://5ddce30eb4b55.streamlock.net/bltvhd/bltv1/chunklist_w511254805.m3u8
[2026-09-23 22:52:50] ✅ 测速成功: https://5ddce30eb4b55.streamlock.net/bltvhd/bltv1/chunklist_w511254805.m3u8
   速度: 574.22KB/s > 140KB/s | 数据量: 0.6KB | 总耗时: 0.79s
[2026-09-23 22:52:50] ⚠️ 仅读取 0.2KB 数据: http://38.64.72.148/hls/modn/list/4009/playlist.m3u8
[2026-09-23 22:52:50] ✅ 测速成功: http://38.64.72.148/hls/modn/list/4009/playlist.m3u8
   速度: 227.54KB/s > 140KB/s | 数据量: 0.2KB | 总耗时: 0.16s
[2026-09-23 22:52:53] ⚠️ 仅读取 0.4KB 数据: https://vip.ffzy-play.com/20221018/1953_2d6ba500/index.m3u8
[2026-09-23 22:52:53] ✅ 测速成功: https://vip.ffzy-play.com/20221018/1953_2d6ba500/index.m3u8
   速度: 398.44KB/s > 140KB/s | 数据量: 0.4KB | 总耗时: 2.32s
[2026-09-23 22:52:55] ⚠️ 仅读取 0.4KB 数据: https://vip.ffzy-play7.com/20230112/11082_fde1a94d/index.m3u8
[2026-09-23 22:52:55] ✅ 测速成功: https://vip.ffzy-play7.com/20230112/11082_fde1a94d/index.m3u8
   速度: 398.44KB/s > 140KB/s | 数据量: 0.4KB | 总耗时: 2.00s
[2026-09-23 22:52:57] ✅ 测速成功: https://live.metshop.top/huya/23734246
   速度: 4523.52KB/s > 140KB/s | 数据量: 104.0KB | 总耗时: 1.81s
[2026-09-23 22:52:58] ⚠️ 仅读取 61.4KB 数据: http://jsmov2.a.yximgs.com/bs3/video-hls/5250634317044855747_hlsb.m3u8
[2026-09-23 22:52:58] ✅ 测速成功: http://jsmov2.a.yximgs.com/bs3/video-hls/5250634317044855747_hlsb.m3u8
   速度: 248.30KB/s > 140KB/s | 数据量: 61.4KB | 总耗时: 1.37s
[2026-09-23 22:53:01] ⚠️ 仅读取 0.2KB 数据: http://hls.nntv.cn/nnlive/YSYL_244.m3u8
[2026-09-23 22:53:01] ✅ 测速成功: http://hls.nntv.cn/nnlive/YSYL_244.m3u8
   速度: 232.42KB/s > 140KB/s | 数据量: 0.2KB | 总耗时: 2.68s
[2026-09-23 22:53:01] ⚠️ 仅读取 0.4KB 数据: http://stream.hrbtv.net/yspd/sd/live.m3u8?zheild
[2026-09-23 22:53:01] ✅ 测速成功: http://stream.hrbtv.net/yspd/sd/live.m3u8?zheild
   速度: 355.47KB/s > 140KB/s | 数据量: 0.4KB | 总耗时: 0.62s
[2026-09-23 22:53:04] ⚠️ 仅读取 0.4KB 数据: https://vip.ffzy-play6.com/20221019/157_bf0740ee/index.m3u8
[2026-09-23 22:53:04] ✅ 测速成功: https://vip.ffzy-play6.com/20221019/157_bf0740ee/index.m3u8
   速度: 398.44KB/s > 140KB/s | 数据量: 0.4KB | 总耗时: 2.40s
[2026-09-23 22:53:06] ⚠️ 仅读取 0.4KB 数据: https://vip.ffzy-play1.com/20221018/478_c3afed66/index.m3u8
[2026-09-23 22:53:06] ✅ 测速成功: https://vip.ffzy-play1.com/20221018/478_c3afed66/index.m3u8
   速度: 398.44KB/s > 140KB/s | 数据量: 0.4KB | 总耗时: 2.47s
[2026-09-23 22:53:08] ⚠️ 仅读取 0.4KB 数据: https://vip.ffzy-online.com/20221015/719_80ff87c2/index.m3u8
[2026-09-23 22:53:08] ✅ 测速成功: https://vip.ffzy-online.com/20221015/719_80ff87c2/index.m3u8
   速度: 398.44KB/s > 140KB/s | 数据量: 0.4KB | 总耗时: 1.98s
[2026-09-23 22:53:12] ⚠️ 仅读取 0.3KB 数据: http://ali-vl.cztv.com/channels/lantian/channel004/360p.m3u8
[2026-09-23 22:53:12] ✅ 测速成功: http://ali-vl.cztv.com/channels/lantian/channel004/360p.m3u8
   速度: 286.13KB/s > 140KB/s | 数据量: 0.3KB | 总耗时: 3.81s
[2026-09-23 22:53:13] ✅ 测速成功: http://live.metshop.top/huya/21059578?cdn=alicdn
   速度: 2423.58KB/s > 140KB/s | 数据量: 104.0KB | 总耗时: 1.17s
[2026-09-23 22:53:13] ⚠️ 仅读取 0.6KB 数据: https://stream.ads.ottera.tv/playlist.m3u8?network_id=595
[2026-09-23 22:53:13] ✅ 测速成功: https://stream.ads.ottera.tv/playlist.m3u8?network_id=595
   速度: 636.72KB/s > 140KB/s | 数据量: 0.6KB | 总耗时: 0.10s
[2026-09-23 22:53:15] ⚠️ 仅读取 0.3KB 数据: https://tencentplay.gztv.com/live/nanguodushi.m3u8?txSecret=550af55c0ea34ce492748481415b6dfa&txTime=1903e7b17de
[2026-09-23 22:53:15] ✅ 测速成功: https://tencentplay.gztv.com/live/nanguodushi.m3u8?txSecret=550af55c0ea34ce492748481415b6dfa&txTime=1903e7b17de
   速度: 300.78KB/s > 140KB/s | 数据量: 0.3KB | 总耗时: 2.16s
[2026-09-23 22:53:17] ⚠️ 仅读取 0.1KB 数据: http://ebsonairios.ebs.co.kr/ebsutablet500k/tablet500k/playlist.m3u8
[2026-09-23 22:53:17] ⚠️ 速度不足: http://ebsonairios.ebs.co.kr/ebsutablet500k/tablet500k/playlist.m3u8
   速度: 122.07KB/s <= 140KB/s | 数据量: 0.1KB | 总耗时: 1.46s
[2026-09-23 22:53:18] ⚠️ 仅读取 0.8KB 数据: https://ls.qingting.fm/live/4972/64k.m3u8
[2026-09-23 22:53:18] ✅ 测速成功: https://ls.qingting.fm/live/4972/64k.m3u8
   速度: 771.48KB/s > 140KB/s | 数据量: 0.8KB | 总耗时: 1.60s
[2026-09-23 22:53:21] ⚠️ 仅读取 0.5KB 数据: http://live.qthnews.org.cn:1935/live/live1/800k/tzwj_video.m3u8
[2026-09-23 22:53:21] ⚠️ 速度不足: http://live.qthnews.org.cn:1935/live/live1/800k/tzwj_video.m3u8
   速度: 1.83KB/s <= 140KB/s | 数据量: 0.5KB | 总耗时: 2.14s
[2026-09-23 22:53:21] ⚠️ 仅读取 0.2KB 数据: http://60.222.246.220:19433/hls1.m3u8
[2026-09-23 22:53:21] ⚠️ 速度不足: http://60.222.246.220:19433/hls1.m3u8
   速度: 0.73KB/s <= 140KB/s | 数据量: 0.2KB | 总耗时: 0.80s
[2026-09-23 22:53:22] ⚠️ 仅读取 0.8KB 数据: http://ls.qingting.fm/live/4885.m3u8
[2026-09-23 22:53:22] ✅ 测速成功: http://ls.qingting.fm/live/4885.m3u8
   速度: 802.73KB/s > 140KB/s | 数据量: 0.8KB | 总耗时: 0.55s
[2026-09-23 22:53:23] ⚠️ 仅读取 0.3KB 数据: https://satellitepull.cnr.cn/live/wx32dycjgb/playlist.m3u8
[2026-09-23 22:53:23] ✅ 测速成功: https://satellitepull.cnr.cn/live/wx32dycjgb/playlist.m3u8
   速度: 314.45KB/s > 140KB/s | 数据量: 0.3KB | 总耗时: 1.37s
[2026-09-23 22:53:25] ⚠️ 仅读取 0.4KB 数据: https://stream.sun0769.com/dgrtv1/mp4tv1_800/index.m3u8
[2026-09-23 22:53:25] ✅ 测速成功: https://stream.sun0769.com/dgrtv1/mp4tv1_800/index.m3u8
   速度: 369.14KB/s > 140KB/s | 数据量: 0.4KB | 总耗时: 2.05s
[2026-09-23 22:53:26] ⚠️ 仅读取 0.3KB 数据: http://175.155.106.72:89/live1/live1.m3u8?zsicd
[2026-09-23 22:53:26] ✅ 测速成功: http://175.155.106.72:89/live1/live1.m3u8?zsicd
   速度: 260.74KB/s > 140KB/s | 数据量: 0.3KB | 总耗时: 0.50s
[2026-09-23 22:53:27] ⚠️ 仅读取 0.4KB 数据: http://stream10.jlntv.cn/jiutaitv/sd/live.m3u8
[2026-09-23 22:53:27] ✅ 测速成功: http://stream10.jlntv.cn/jiutaitv/sd/live.m3u8
   速度: 375.00KB/s > 140KB/s | 数据量: 0.4KB | 总耗时: 1.30s
[2026-09-23 22:53:28] ⚠️ 仅读取 0.2KB 数据: https://live.zzyxxw.com:2443/live/xwzh.m3u8
[2026-09-23 22:53:28] ✅ 测速成功: https://live.zzyxxw.com:2443/live/xwzh.m3u8
   速度: 239.26KB/s > 140KB/s | 数据量: 0.2KB | 总耗时: 1.26s
[2026-09-23 22:53:29] ⚠️ 仅读取 0.2KB 数据: http://live.zzyxxw.com:85/live/xwzh.m3u8
[2026-09-23 22:53:29] ⚠️ 速度不足: http://live.zzyxxw.com:85/live/xwzh.m3u8
   速度: 0.88KB/s <= 140KB/s | 数据量: 0.2KB | 总耗时: 0.82s
[2026-09-23 22:53:32] ⚠️ 仅读取 0.3KB 数据: http://tvfile.jyrmt.cn/nmip-media/channellive/channel104452/playlist.m3u8
[2026-09-23 22:53:32] ✅ 测速成功: http://tvfile.jyrmt.cn/nmip-media/channellive/channel104452/playlist.m3u8
   速度: 265.62KB/s > 140KB/s | 数据量: 0.3KB | 总耗时: 2.65s
[2026-09-23 22:53:33] ⚠️ 仅读取 0.2KB 数据: http://zbbf2.ahbztv.com/live/418.m3u8
[2026-09-23 22:53:33] ✅ 测速成功: http://zbbf2.ahbztv.com/live/418.m3u8
   速度: 241.21KB/s > 140KB/s | 数据量: 0.2KB | 总耗时: 1.50s
[2026-09-23 22:53:35] ⚠️ 仅读取 0.8KB 数据: https://play.scrstv.com.cn/DT/live.m3u8?auth_key=60001724663204-0-0-c1cc4ded9841ac34f63cdbd3aec647ef
[2026-09-23 22:53:35] ✅ 测速成功: https://play.scrstv.com.cn/DT/live.m3u8?auth_key=60001724663204-0-0-c1cc4ded9841ac34f63cdbd3aec647ef
   速度: 761.72KB/s > 140KB/s | 数据量: 0.8KB | 总耗时: 1.40s
[2026-09-23 22:53:36] ⚠️ 仅读取 0.5KB 数据: https://jwcdnqx.hebyun.com.cn/live/rqtv1/1500k/tzwj_video.m3u8
[2026-09-23 22:53:36] ✅ 测速成功: https://jwcdnqx.hebyun.com.cn/live/rqtv1/1500k/tzwj_video.m3u8
   速度: 506.84KB/s > 140KB/s | 数据量: 0.5KB | 总耗时: 1.59s
[2026-09-23 22:53:37] ⚠️ 仅读取 0.1KB 数据: http://110.153.180.106:55555/out_3/index.m3u8
[2026-09-23 22:53:37] ⚠️ 速度不足: http://110.153.180.106:55555/out_3/index.m3u8
   速度: 79.10KB/s <= 140KB/s | 数据量: 0.1KB | 总耗时: 0.60s
[2026-09-23 22:53:38] ⚠️ 仅读取 0.3KB 数据: https://l.cztvcloud.com/channels/lantian/SXyuyao3/720p.m3u8
[2026-09-23 22:53:38] ✅ 测速成功: https://l.cztvcloud.com/channels/lantian/SXyuyao3/720p.m3u8
   速度: 292.97KB/s > 140KB/s | 数据量: 0.3KB | 总耗时: 0.77s
[2026-09-23 22:53:39] ⚠️ 仅读取 0.3KB 数据: http://liveout.btzx.com.cn/62ds9e/4nxdih.m3u8?fbl=
[2026-09-23 22:53:39] ✅ 测速成功: http://liveout.btzx.com.cn/62ds9e/4nxdih.m3u8?fbl=
   速度: 265.62KB/s > 140KB/s | 数据量: 0.3KB | 总耗时: 1.79s
[2026-09-23 22:53:41] ⚠️ 仅读取 0.3KB 数据: https://m3u8.channel.dzsm.com/nmip-media/channellive/channel105549/playlist.m3u8
[2026-09-23 22:53:41] ✅ 测速成功: https://m3u8.channel.dzsm.com/nmip-media/channellive/channel105549/playlist.m3u8
   速度: 271.48KB/s > 140KB/s | 数据量: 0.3KB | 总耗时: 1.39s
[2026-09-23 22:53:42] ⚠️ 仅读取 0.5KB 数据: http://nklive.nbs.cn/hls/75b3c462-b831-4de7-a34b-5d3221db2069/index.m3u8
[2026-09-23 22:53:42] ✅ 测速成功: http://nklive.nbs.cn/hls/75b3c462-b831-4de7-a34b-5d3221db2069/index.m3u8
   速度: 543.95KB/s > 140KB/s | 数据量: 0.5KB | 总耗时: 0.70s
[2026-09-23 22:53:43] ⚠️ 仅读取 0.3KB 数据: http://tencentplay.gztv.com/live/nanguodushi.m3u8?txSecret=140110ae3d6c936a77f94c4f4d85b0d3&txTime=18d57929bd4
[2026-09-23 22:53:43] ✅ 测速成功: http://tencentplay.gztv.com/live/nanguodushi.m3u8?txSecret=140110ae3d6c936a77f94c4f4d85b0d3&txTime=18d57929bd4
   速度: 300.78KB/s > 140KB/s | 数据量: 0.3KB | 总耗时: 0.96s
[2026-09-23 22:53:44] ⚠️ 仅读取 0.3KB 数据: http://615bbf179ba53515dccad7b1da5d1ad9.livehwc3.cn/hls.nntv.cn/nnlive/WLSH_24.m3u8?sub_m3u8=true&edge_slice=true&user_session_id=2598844eaee8a4265e706fc14b3fc11d
[2026-09-23 22:53:44] ✅ 测速成功: http://615bbf179ba53515dccad7b1da5d1ad9.livehwc3.cn/hls.nntv.cn/nnlive/WLSH_24.m3u8?sub_m3u8=true&edge_slice=true&user_session_id=2598844eaee8a4265e706fc14b3fc11d
   速度: 268.55KB/s > 140KB/s | 数据量: 0.3KB | 总耗时: 1.02s
[2026-09-23 22:54:09] ❌ 测速失败: https://l2fpdktp.live.sxmty.com/live/hls/e4c3b363cc4549788e2d983f403e07db/d99ce1eb686e41b9afc888110bd95aa7.m3u8?zshanxd
   错误: HTTPSConnectionPool(host='l2fpdktp.live.sxmty.com', port=443): Max retries exceeded with url: /live/hls/e4c3b363cc4549788e2d983f403e07db/d99ce1eb686e41b9afc888110bd95aa7.m3u8?zshanxd (Caused by ConnectTimeoutError(<HTTPSConnection(host='l2fpdktp.live.sxmty.com', port=443) at 0x7f3ebf2a1ee0>, 'Connection to l2fpdktp.live.sxmty.com timed out. (connect timeout=3.05)')) | 域名: l2fpdktp.live.sxmty.com:443
[2026-09-23 22:54:12] ⚠️ 仅读取 0.2KB 数据: http://jrlive.jrntv.com/live/_definst_/dangjians/playlist.m3u8?%E5%85%B3%E6%B3%A8%E5%BE%AE%E4%BF%A1%E5%85%AC%E4%BC%97%E5%8F%B7[%E6%99%B4%E5%9B%AD]
[2026-09-23 22:54:12] ⚠️ 速度不足: http://jrlive.jrntv.com/live/_definst_/dangjians/playlist.m3u8?%E5%85%B3%E6%B3%A8%E5%BE%AE%E4%BF%A1%E5%85%AC%E4%BC%97%E5%8F%B7[%E6%99%B4%E5%9B%AD]
   速度: 14.19KB/s <= 140KB/s | 数据量: 0.2KB | 总耗时: 2.64s
[2026-09-23 22:54:13] ⚠️ 仅读取 0.3KB 数据: http://file.loulannews.cn/nmip-media/channellive/channel103824/playlist.m3u8
[2026-09-23 22:54:13] ✅ 测速成功: http://file.loulannews.cn/nmip-media/channellive/channel103824/playlist.m3u8
   速度: 271.48KB/s > 140KB/s | 数据量: 0.3KB | 总耗时: 1.23s
[2026-09-23 22:54:15] ⚠️ 仅读取 0.3KB 数据: https://m3u8channel-bx.yunxya.com/nmip-media/channellive/channel104666/playlist.m3u8
[2026-09-23 22:54:15] ✅ 测速成功: https://m3u8channel-bx.yunxya.com/nmip-media/channellive/channel104666/playlist.m3u8
   速度: 271.48KB/s > 140KB/s | 数据量: 0.3KB | 总耗时: 1.83s
[2026-09-23 22:54:16] ⚠️ 仅读取 0.4KB 数据: https://stream.hrbtv.net/ylpd/sd/live.m3u8
[2026-09-23 22:54:16] ✅ 测速成功: https://stream.hrbtv.net/ylpd/sd/live.m3u8
   速度: 370.12KB/s > 140KB/s | 数据量: 0.4KB | 总耗时: 1.29s
[2026-09-23 22:54:18] ⚠️ 仅读取 0.2KB 数据: http://play.kankanlive.com/live/1720583434627241.m3u8
[2026-09-23 22:54:18] ✅ 测速成功: http://play.kankanlive.com/live/1720583434627241.m3u8
   速度: 249.02KB/s > 140KB/s | 数据量: 0.2KB | 总耗时: 1.84s
[2026-09-23 22:54:19] ⚠️ 仅读取 0.2KB 数据: http://www.guzhenm.com:7001/hls/hd-live.m3u8
[2026-09-23 22:54:19] ✅ 测速成功: http://www.guzhenm.com:7001/hls/hd-live.m3u8
   速度: 181.64KB/s > 140KB/s | 数据量: 0.2KB | 总耗时: 0.79s
[2026-09-23 22:54:22] ⚠️ 仅读取 0.1KB 数据: http://live.daningtv.com/aac_dngb/playlist.m3u8
[2026-09-23 22:54:22] ⚠️ 速度不足: http://live.daningtv.com/aac_dngb/playlist.m3u8
   速度: 67.38KB/s <= 140KB/s | 数据量: 0.1KB | 总耗时: 3.30s
[2026-09-23 22:54:23] ⚠️ 仅读取 0.2KB 数据: https://play.kankanlive.com/live/1656487214793905.m3u8
[2026-09-23 22:54:23] ✅ 测速成功: https://play.kankanlive.com/live/1656487214793905.m3u8
   速度: 250.00KB/s > 140KB/s | 数据量: 0.2KB | 总耗时: 1.22s
[2026-09-23 22:54:24] ⚠️ 仅读取 0.7KB 数据: https://p2.vzan.com/slowlive/596867413819827251/live.m3u8?zbid=1725814272&amp;amp;tpid=1516989100&amp;amp;type=0
[2026-09-23 22:54:24] ✅ 测速成功: https://p2.vzan.com/slowlive/596867413819827251/live.m3u8?zbid=1725814272&amp;amp;tpid=1516989100&amp;amp;type=0
   速度: 698.24KB/s > 140KB/s | 数据量: 0.7KB | 总耗时: 1.15s
[2026-09-23 22:54:28] ❌ 测速失败: http://tvfile.jjrm.org.cn/nmip-media/channellive/channel106282/playlist.m3u8?zsicd
   错误: HTTPConnectionPool(host='tvfile.jjrm.org.cn', port=80): Max retries exceeded with url: /nmip-media/channellive/channel106282/playlist.m3u8?zsicd (Caused by ConnectTimeoutError(<HTTPConnection(host='tvfile.jjrm.org.cn', port=80) at 0x7f3ebf2a12b0>, 'Connection to tvfile.jjrm.org.cn timed out. (connect timeout=3.05)')) | 域名: tvfile.jjrm.org.cn:80
[2026-09-23 22:54:28] ⚠️ 仅读取 0.3KB 数据: http://218.84.12.186:8002/hls/main/playlist.m3u8?zxinjd
[2026-09-23 22:54:28] ✅ 测速成功: http://218.84.12.186:8002/hls/main/playlist.m3u8?zxinjd
   速度: 324.22KB/s > 140KB/s | 数据量: 0.3KB | 总耗时: 0.61s
[2026-09-23 22:54:54] ❌ 测速失败: http://lbyzztfe.live.sxmty.com/live/hls/645ff4c60e0a49f0a203abbd73dd8be9/0720e665f10f48e98c9639f4f492fb4a-1.m3u8?zshanxd
   错误: HTTPConnectionPool(host='lbyzztfe.live.sxmty.com', port=80): Max retries exceeded with url: /live/hls/645ff4c60e0a49f0a203abbd73dd8be9/0720e665f10f48e98c9639f4f492fb4a-1.m3u8?zshanxd (Caused by ConnectTimeoutError(<HTTPConnection(host='lbyzztfe.live.sxmty.com', port=80) at 0x7f3ebf26fa60>, 'Connection to lbyzztfe.live.sxmty.com timed out. (connect timeout=3.05)')) | 域名: lbyzztfe.live.sxmty.com:80
[2026-09-23 22:54:55] ⚠️ 仅读取 0.3KB 数据: http://live1.gatv.com.cn:85/live/GGPD_ggpdzm.m3u8
[2026-09-23 22:54:55] ⚠️ 速度不足: http://live1.gatv.com.cn:85/live/GGPD_ggpdzm.m3u8
   速度: 0.93KB/s <= 140KB/s | 数据量: 0.3KB | 总耗时: 1.01s
[2026-09-23 22:54:57] ⚠️ 仅读取 0.3KB 数据: https://tencentplaybusiness.gztv.com/live/zonghes.m3u8
[2026-09-23 22:54:57] ✅ 测速成功: https://tencentplaybusiness.gztv.com/live/zonghes.m3u8
   速度: 289.06KB/s > 140KB/s | 数据量: 0.3KB | 总耗时: 2.19s
[2026-09-23 22:54:59] ⚠️ 仅读取 0.3KB 数据: https://live.gdtv.ah.cn/live/newsTV.m3u8
[2026-09-23 22:54:59] ✅ 测速成功: https://live.gdtv.ah.cn/live/newsTV.m3u8
   速度: 333.98KB/s > 140KB/s | 数据量: 0.3KB | 总耗时: 1.66s
[2026-09-23 22:55:00] ⚠️ 仅读取 0.1KB 数据: http://stream5.jlntv.cn/wq/playlist.m3u8
[2026-09-23 22:55:00] ⚠️ 速度不足: http://stream5.jlntv.cn/wq/playlist.m3u8
   速度: 91.80KB/s <= 140KB/s | 数据量: 0.1KB | 总耗时: 1.07s
[2026-09-23 22:55:01] ⚠️ 仅读取 0.4KB 数据: http://stream11.jlntv.cn/dehuitv/sd/live.m3u8
[2026-09-23 22:55:01] ✅ 测速成功: http://stream11.jlntv.cn/dehuitv/sd/live.m3u8
   速度: 370.12KB/s > 140KB/s | 数据量: 0.4KB | 总耗时: 1.00s
[2026-09-23 22:55:02] ⚠️ 仅读取 0.4KB 数据: https://1yp7hc5p.live.sxmty.com/live/hls/bff8529922344209985b6e49baa9555a/efa2543628fc4a7ea93d3d6c975f77dc-1.m3u8
[2026-09-23 22:55:02] ✅ 测速成功: https://1yp7hc5p.live.sxmty.com/live/hls/bff8529922344209985b6e49baa9555a/efa2543628fc4a7ea93d3d6c975f77dc-1.m3u8
   速度: 437.50KB/s > 140KB/s | 数据量: 0.4KB | 总耗时: 1.41s
[2026-09-23 22:55:03] ⚠️ 仅读取 0.1KB 数据: http://stream8.jlntv.cn/dhtv/playlist.m3u8
[2026-09-23 22:55:03] ⚠️ 速度不足: http://stream8.jlntv.cn/dhtv/playlist.m3u8
   速度: 91.80KB/s <= 140KB/s | 数据量: 0.1KB | 总耗时: 0.95s
[2026-09-23 22:55:04] ⚠️ 仅读取 0.4KB 数据: http://live.xysrmt.cn/xwzh/sd/live.m3u8?zjiangsd"
[2026-09-23 22:55:04] ✅ 测速成功: http://live.xysrmt.cn/xwzh/sd/live.m3u8?zjiangsd"
   速度: 370.12KB/s > 140KB/s | 数据量: 0.4KB | 总耗时: 1.01s
[2026-09-23 22:55:05] ⚠️ 仅读取 2.0KB 数据: http://tvpull.dxhmt.cn:9081/tv/11329-1.m3u8
[2026-09-23 22:55:05] ✅ 测速成功: http://tvpull.dxhmt.cn:9081/tv/11329-1.m3u8
   速度: 1961.91KB/s > 140KB/s | 数据量: 2.0KB | 总耗时: 0.70s
[2026-09-23 22:55:06] ⚠️ 仅读取 0.3KB 数据: https://m3u8channel.yunxya.com/nmip-media/channellive/channel100028/playlist.m3u8
[2026-09-23 22:55:06] ✅ 测速成功: https://m3u8channel.yunxya.com/nmip-media/channellive/channel100028/playlist.m3u8
   速度: 271.48KB/s > 140KB/s | 数据量: 0.3KB | 总耗时: 1.57s
[2026-09-23 22:55:08] ⚠️ 仅读取 0.4KB 数据: https://zb-live.ynurl.com/yimen/3b75a2f9-7941-46b7-992d-a9796fbca5fe.m3u8
[2026-09-23 22:55:08] ✅ 测速成功: https://zb-live.ynurl.com/yimen/3b75a2f9-7941-46b7-992d-a9796fbca5fe.m3u8
   速度: 379.88KB/s > 140KB/s | 数据量: 0.4KB | 总耗时: 1.64s
[2026-09-23 22:55:09] ⚠️ 仅读取 0.3KB 数据: http://stream.jinjiang.tv/1/sd/live.m3u8?zfud
[2026-09-23 22:55:09] ✅ 测速成功: http://stream.jinjiang.tv/1/sd/live.m3u8?zfud
   速度: 314.45KB/s > 140KB/s | 数据量: 0.3KB | 总耗时: 0.95s
[2026-09-23 22:55:10] ⚠️ 仅读取 0.1KB 数据: http://stream9.jlntv.cn:80/aac_huadiangb/playlist.m3u8
[2026-09-23 22:55:10] ⚠️ 速度不足: http://stream9.jlntv.cn:80/aac_huadiangb/playlist.m3u8
   速度: 89.84KB/s <= 140KB/s | 数据量: 0.1KB | 总耗时: 1.17s
[2026-09-23 22:55:11] ⚠️ 仅读取 0.3KB 数据: http://59.175.226.142:280/gb28181/xwzh.m3u8?zhubd
[2026-09-23 22:55:11] ⚠️ 速度不足: http://59.175.226.142:280/gb28181/xwzh.m3u8?zhubd
   速度: 1.00KB/s <= 140KB/s | 数据量: 0.3KB | 总耗时: 0.76s
[2026-09-23 22:55:12] ⚠️ 仅读取 0.2KB 数据: http://live.iwcmt.cn:90/live/zhxw.m3u8
[2026-09-23 22:55:12] ⚠️ 速度不足: http://live.iwcmt.cn:90/live/zhxw.m3u8
   速度: 1.00KB/s <= 140KB/s | 数据量: 0.2KB | 总耗时: 1.00s
[2026-09-23 22:55:13] ⚠️ 仅读取 0.3KB 数据: http://file.ysxtv.cn/cms/videos/nmip-media/channellive/channel4/playlist.m3u8?zsicd
[2026-09-23 22:55:13] ✅ 测速成功: http://file.ysxtv.cn/cms/videos/nmip-media/channellive/channel4/playlist.m3u8?zsicd
   速度: 265.62KB/s > 140KB/s | 数据量: 0.3KB | 总耗时: 0.85s
[2026-09-23 22:55:18] RTMP检测成功: rtmp://tv.mcrm.org.cn:1935/channellive/tv01
[2026-09-23 22:55:43] ❌ 测速失败: https://qmmqvzoz.live.sxmty.com/live/hls/f24f8a390c084386a564074c9260100c/be3fdf07606145739ab2c4b80fe0136a.m3u8?zshanxd
   错误: HTTPSConnectionPool(host='qmmqvzoz.live.sxmty.com', port=443): Max retries exceeded with url: /live/hls/f24f8a390c084386a564074c9260100c/be3fdf07606145739ab2c4b80fe0136a.m3u8?zshanxd (Caused by ConnectTimeoutError(<HTTPSConnection(host='qmmqvzoz.live.sxmty.com', port=443) at 0x7f3ebf294f40>, 'Connection to qmmqvzoz.live.sxmty.com timed out. (connect timeout=3.05)')) | 域名: qmmqvzoz.live.sxmty.com:443
[2026-09-23 22:55:44] ⚠️ 仅读取 0.3KB 数据: https://radio.pull.hebtv.com/live/hebnczx.m3u8
[2026-09-23 22:55:44] ✅ 测速成功: https://radio.pull.hebtv.com/live/hebnczx.m3u8
   速度: 339.84KB/s > 140KB/s | 数据量: 0.3KB | 总耗时: 1.38s
[2026-09-23 22:55:47] ❌ 测速失败: http://live1.habctv.com/ggpdsl/sd/live.m3u8?zjiangsd
   错误: HTTPConnectionPool(host='live1.habctv.com', port=80): Max retries exceeded with url: /ggpdsl/sd/live.m3u8?zjiangsd (Caused by ConnectTimeoutError(<HTTPConnection(host='live1.habctv.com', port=80) at 0x7f3ebfa80bb0>, 'Connection to live1.habctv.com timed out. (connect timeout=3.05)')) | 域名: live1.habctv.com:80
[2026-09-23 22:55:51] ❌ 测速失败: http://lxfile.lxxcb.cn/nmip-media/channellive/channel103799/playlist.m3u8
   错误: HTTPConnectionPool(host='lxfile.lxxcb.cn', port=80): Max retries exceeded with url: /nmip-media/channellive/channel103799/playlist.m3u8 (Caused by NewConnectionError("HTTPConnection(host='lxfile.lxxcb.cn', port=80): Failed to establish a new connection: [Errno 101] Network is unreachable")) | 域名: lxfile.lxxcb.cn:80
[2026-09-23 22:55:55] ⚠️ 仅读取 0.3KB 数据: http://play.jinnantv.top/live/JNTV1.m3u8?ztianjd
[2026-09-23 22:55:55] ✅ 测速成功: http://play.jinnantv.top/live/JNTV1.m3u8?ztianjd
   速度: 250.98KB/s > 140KB/s | 数据量: 0.3KB | 总耗时: 4.11s
[2026-09-23 22:55:57] ⚠️ 仅读取 0.7KB 数据: https://p2hs.vzan.com/slowlive/317913155078575177/live.m3u8
[2026-09-23 22:55:57] ✅ 测速成功: https://p2hs.vzan.com/slowlive/317913155078575177/live.m3u8
   速度: 687.50KB/s > 140KB/s | 数据量: 0.7KB | 总耗时: 1.89s
[2026-09-23 22:55:58] ⚠️ 仅读取 1.1KB 数据: http://hzcm-live.media.hugd.com/1e6b554b9ab74513958c0e1ffe664d22/9acaa7634309494cb29a85eb12136607.m3u8?auth_key=2272900830-9a2389b8bf4e49d580d4ad807423d326-0-ea78a5c7a678c436263582d368f5009e
[2026-09-23 22:55:58] ✅ 测速成功: http://hzcm-live.media.hugd.com/1e6b554b9ab74513958c0e1ffe664d22/9acaa7634309494cb29a85eb12136607.m3u8?auth_key=2272900830-9a2389b8bf4e49d580d4ad807423d326-0-ea78a5c7a678c436263582d368f5009e
   速度: 1118.16KB/s > 140KB/s | 数据量: 1.1KB | 总耗时: 0.92s
[2026-09-23 22:55:59] ⚠️ 仅读取 0.5KB 数据: http://jwplay.hebyun.com.cn/live/LPTV001/1500k/tzwj_video.m3u8
[2026-09-23 22:55:59] ✅ 测速成功: http://jwplay.hebyun.com.cn/live/LPTV001/1500k/tzwj_video.m3u8
   速度: 520.51KB/s > 140KB/s | 数据量: 0.5KB | 总耗时: 1.30s
[2026-09-23 22:56:00] ⚠️ 仅读取 0.1KB 数据: http://traffic.jbh.tjbh.com/live/bhtv10/playlist.m3u8
[2026-09-23 22:56:00] ⚠️ 速度不足: http://traffic.jbh.tjbh.com/live/bhtv10/playlist.m3u8
   速度: 2.07KB/s <= 140KB/s | 数据量: 0.1KB | 总耗时: 1.02s
[2026-09-23 22:56:06] ❌ 测速失败: http://live.yantaitv.cn/live/e50f104a4ffe4a41b2217cbda534146f/d86092e69df94668b33390278b061700-1.m3u8
   错误: HTTPConnectionPool(host='live.yantaitv.cn', port=80): Read timed out. (read timeout=5) | 域名: live.yantaitv.cn:80
[2026-09-23 22:56:07] ⚠️ 仅读取 0.2KB 数据: http://218.84.127.245:1026/hls/main1/playlist.m3u8?zxinjd,
[2026-09-23 22:56:07] ✅ 测速成功: http://218.84.127.245:1026/hls/main1/playlist.m3u8?zxinjd,
   速度: 233.40KB/s > 140KB/s | 数据量: 0.2KB | 总耗时: 0.59s
[2026-09-23 22:56:08] ⚠️ 仅读取 0.3KB 数据: http://satellitepull.cnr.cn/live/wx32fjxwgb/playlist.m3u8
[2026-09-23 22:56:08] ✅ 测速成功: http://satellitepull.cnr.cn/live/wx32fjxwgb/playlist.m3u8
   速度: 259.77KB/s > 140KB/s | 数据量: 0.3KB | 总耗时: 1.36s
[2026-09-23 22:56:09] ⚠️ 仅读取 0.7KB 数据: http://live.shaoxing.com.cn/video/s10001-sxtv2/index.m3u8
[2026-09-23 22:56:09] ✅ 测速成功: http://live.shaoxing.com.cn/video/s10001-sxtv2/index.m3u8
   速度: 681.64KB/s > 140KB/s | 数据量: 0.7KB | 总耗时: 0.82s
[2026-09-23 22:56:10] ⚠️ 仅读取 0.3KB 数据: https://live-auth.51kandianshi.com/szgd/csztv3.m3u8
[2026-09-23 22:56:10] ✅ 测速成功: https://live-auth.51kandianshi.com/szgd/csztv3.m3u8
   速度: 286.13KB/s > 140KB/s | 数据量: 0.3KB | 总耗时: 0.72s
[2026-09-23 22:56:11] ⚠️ 仅读取 0.4KB 数据: http://stream.jmtv.com.cn/xwzh/sd/live.m3u8
[2026-09-23 22:56:11] ✅ 测速成功: http://stream.jmtv.com.cn/xwzh/sd/live.m3u8
   速度: 356.45KB/s > 140KB/s | 数据量: 0.4KB | 总耗时: 0.79s
[2026-09-23 22:56:12] ⚠️ 仅读取 0.1KB 数据: https://stream.jmtv.com.cn/xwzh/playlist.m3u8?_upt=3e28e7271664278691
[2026-09-23 22:56:12] ⚠️ 速度不足: https://stream.jmtv.com.cn/xwzh/playlist.m3u8?_upt=3e28e7271664278691
   速度: 68.36KB/s <= 140KB/s | 数据量: 0.1KB | 总耗时: 1.01s
[2026-09-23 22:56:13] ⚠️ 仅读取 0.3KB 数据: https://m3u8channel-yj.yunxya.com/nmip-media/channellive/channel101140/playlist.m3u8
[2026-09-23 22:56:13] ✅ 测速成功: https://m3u8channel-yj.yunxya.com/nmip-media/channellive/channel101140/playlist.m3u8
   速度: 271.48KB/s > 140KB/s | 数据量: 0.3KB | 总耗时: 1.74s
[2026-09-23 22:56:15] ⚠️ 仅读取 0.4KB 数据: https://liveplay-srs.voc.com.cn/hls/tv/183_554704.m3u8
[2026-09-23 22:56:15] ✅ 测速成功: https://liveplay-srs.voc.com.cn/hls/tv/183_554704.m3u8
   速度: 377.93KB/s > 140KB/s | 数据量: 0.4KB | 总耗时: 1.23s
[2026-09-23 22:56:15] ⚠️ 仅读取 1.0KB 数据: http://play-sh13.quklive.com/live/1702360350551252.m3u8?auth_key=2037107484-800189c57a5a44d3b823b60cf84f6756-0-a6f6828a62d5c167cff5e68735fa0d39
[2026-09-23 22:56:15] ✅ 测速成功: http://play-sh13.quklive.com/live/1702360350551252.m3u8?auth_key=2037107484-800189c57a5a44d3b823b60cf84f6756-0-a6f6828a62d5c167cff5e68735fa0d39
   速度: 1008.79KB/s > 140KB/s | 数据量: 1.0KB | 总耗时: 0.45s
[2026-09-23 22:56:16] ⚠️ 仅读取 0.1KB 数据: http://183.64.174.171:40123/ch1.m3u8?zzhongqd
[2026-09-23 22:56:16] ⚠️ 速度不足: http://183.64.174.171:40123/ch1.m3u8?zzhongqd
   速度: 0.48KB/s <= 140KB/s | 数据量: 0.1KB | 总耗时: 0.80s
[2026-09-23 22:56:17] ⚠️ 仅读取 0.4KB 数据: http://zjtv-wshls.homecdn.com/live/2aa16.m3u8
[2026-09-23 22:56:17] ✅ 测速成功: http://zjtv-wshls.homecdn.com/live/2aa16.m3u8
   速度: 431.64KB/s > 140KB/s | 数据量: 0.4KB | 总耗时: 1.20s
[2026-09-23 22:56:24] ❌ 测速失败: http://cm-wshls.homecdn.com/live/2aa50.m3u8
   错误: HTTPConnectionPool(host='cm-wshls.homecdn.com', port=80): Max retries exceeded with url: /live/2aa50.m3u8 (Caused by ConnectTimeoutError(<HTTPConnection(host='cm-wshls.homecdn.com', port=80) at 0x7f3ebf26f9d0>, 'Connection to cm-wshls.homecdn.com timed out. (connect timeout=3.05)')) | 域名: cm-wshls.homecdn.com:80
[2026-09-23 22:56:25] ⚠️ 仅读取 0.2KB 数据: http://hplayer1.juyun.tv:80/camera/11344136.m3u8
[2026-09-23 22:56:25] ✅ 测速成功: http://hplayer1.juyun.tv:80/camera/11344136.m3u8
   速度: 238.28KB/s > 140KB/s | 数据量: 0.2KB | 总耗时: 1.34s
[2026-09-23 22:56:27] ⚠️ 仅读取 0.4KB 数据: https://play.yunxya.com/channellive/xinwen.m3u8
[2026-09-23 22:56:27] ✅ 测速成功: https://play.yunxya.com/channellive/xinwen.m3u8
   速度: 363.28KB/s > 140KB/s | 数据量: 0.4KB | 总耗时: 1.70s
[2026-09-23 22:56:28] ⚠️ 仅读取 0.3KB 数据: http://qcfile.qcrmt.com/nmip-media/channellive/channel100933/playlist.m3u8
[2026-09-23 22:56:28] ✅ 测速成功: http://qcfile.qcrmt.com/nmip-media/channellive/channel100933/playlist.m3u8
   速度: 265.62KB/s > 140KB/s | 数据量: 0.3KB | 总耗时: 0.68s
[2026-09-23 22:56:29] ⚠️ 仅读取 0.4KB 数据: http://hslive.hsnewsnet.com/lsdream/hve9Wjs/1000/live.m3u8
[2026-09-23 22:56:29] ✅ 测速成功: http://hslive.hsnewsnet.com/lsdream/hve9Wjs/1000/live.m3u8
   速度: 354.49KB/s > 140KB/s | 数据量: 0.4KB | 总耗时: 1.61s
[2026-09-23 22:56:30] ⚠️ 仅读取 0.4KB 数据: https://english-livetx.cgtn.com/hls/yypdjlctzb_hd.m3u8
[2026-09-23 22:56:30] ✅ 测速成功: https://english-livetx.cgtn.com/hls/yypdjlctzb_hd.m3u8
   速度: 402.34KB/s > 140KB/s | 数据量: 0.4KB | 总耗时: 0.80s
[2026-09-23 22:56:31] ⚠️ 仅读取 7.6KB 数据: http://newcntv.qcloudcdn.com/asp/hls/4000/0303000a/3/default/2bdfdad540b342f592f9817cb7f3b79a/4000.m3u8
[2026-09-23 22:56:31] ✅ 测速成功: http://newcntv.qcloudcdn.com/asp/hls/4000/0303000a/3/default/2bdfdad540b342f592f9817cb7f3b79a/4000.m3u8
   速度: 7620.12KB/s > 140KB/s | 数据量: 7.6KB | 总耗时: 0.96s
[2026-09-23 22:56:33] ⚠️ 仅读取 0.3KB 数据: https://liveout.btzx.com.cn/62ds9e/6o77s4.m3u8?zxinjd
[2026-09-23 22:56:33] ✅ 测速成功: https://liveout.btzx.com.cn/62ds9e/6o77s4.m3u8?zxinjd
   速度: 265.62KB/s > 140KB/s | 数据量: 0.3KB | 总耗时: 2.14s
[2026-09-23 22:56:34] ⚠️ 仅读取 5.4KB 数据: https://hls.cntv.lxdns.com/asp/hls/2000/0303000a/3/default/f0a47e155d32450daa1d36a04fd7d262/2000.m3u8
[2026-09-23 22:56:34] ✅ 测速成功: https://hls.cntv.lxdns.com/asp/hls/2000/0303000a/3/default/f0a47e155d32450daa1d36a04fd7d262/2000.m3u8
   速度: 5388.67KB/s > 140KB/s | 数据量: 5.4KB | 总耗时: 1.10s
[2026-09-23 22:56:35] ⚠️ 仅读取 5.7KB 数据: https://newcntv.qcloudcdn.com/asp/hls/2000/0303000a/3/default/d2454bbb542d4613a9db478dab2addfd/2000.m3u8
[2026-09-23 22:56:35] ✅ 测速成功: https://newcntv.qcloudcdn.com/asp/hls/2000/0303000a/3/default/d2454bbb542d4613a9db478dab2addfd/2000.m3u8
   速度: 5678.71KB/s > 140KB/s | 数据量: 5.7KB | 总耗时: 1.12s
[2026-09-23 22:56:36] ⚠️ 仅读取 0.7KB 数据: https://AMChls.wns.live/hls/stream.m3u8
[2026-09-23 22:56:36] ✅ 测速成功: https://AMChls.wns.live/hls/stream.m3u8
   速度: 721.68KB/s > 140KB/s | 数据量: 0.7KB | 总耗时: 0.47s
[2026-09-23 22:56:36] ⚠️ 仅读取 0.3KB 数据: http://61.221.215.25:8800/hls/49/index.m3u8
[2026-09-23 22:56:36] ✅ 测速成功: http://61.221.215.25:8800/hls/49/index.m3u8
   速度: 252.93KB/s > 140KB/s | 数据量: 0.3KB | 总耗时: 0.38s
[2026-09-23 22:56:37] ✅ 测速成功: https://alimov2.a.kwimgs.com/upic/2023/01/13/22/BMjAyMzAxMTMyMjEwMDNfNDAzMDAxOTlfOTM1MTIzMzYwODJfMF8z_b_B647d10e431b4cc5e48e6c77347d69021.mp4
   速度: 20315.18KB/s > 140KB/s | 数据量: 104.0KB | 总耗时: 0.58s
[2026-09-23 22:56:39] ✅ 测速成功: https://p2.bdstatic.com/rtmp.liveshow.lss-user.baidubce.com/live/stream_bduid_6488563992_8982723413/merged_1707497046297_88536_25144_41936.m3u8
   速度: 247.72KB/s > 140KB/s | 数据量: 103.6KB | 总耗时: 2.66s
[2026-09-23 22:56:42] ⚠️ 仅读取 0.4KB 数据: https://svip.high24-playback.com/20250129/17159_7bca93c4/2000k/hls/mixed.m3u8
[2026-09-23 22:56:42] ✅ 测速成功: https://svip.high24-playback.com/20250129/17159_7bca93c4/2000k/hls/mixed.m3u8
   速度: 397.46KB/s > 140KB/s | 数据量: 0.4KB | 总耗时: 2.42s
[2026-09-23 22:56:45] ⚠️ 速度不足: https://my9.ltd/momo-480.mp4
   速度: 134.38KB/s <= 140KB/s | 数据量: 104.0KB | 总耗时: 3.52s
[2026-09-23 22:56:46] ✅ 测速成功: http://110.235.82.60:8001/bysid/1
   速度: 175.67KB/s > 140KB/s | 数据量: 104.0KB | 总耗时: 0.99s
[2026-09-23 22:56:47] ⚠️ 仅读取 0.2KB 数据: http://61.10.2.140:80/live_freedirect/freehd209_h.live/chunklist_w135209556.m3u8
[2026-09-23 22:56:47] ⚠️ 速度不足: http://61.10.2.140:80/live_freedirect/freehd209_h.live/chunklist_w135209556.m3u8
   速度: 1.18KB/s <= 140KB/s | 数据量: 0.2KB | 总耗时: 0.59s
[2026-09-23 22:56:48] ⚠️ 仅读取 0.1KB 数据: http://61.10.2.141/live_freedirect/freehd209_h.live/playlist.m3u
[2026-09-23 22:56:48] ⚠️ 速度不足: http://61.10.2.141/live_freedirect/freehd209_h.live/playlist.m3u
   速度: 0.68KB/s <= 140KB/s | 数据量: 0.1KB | 总耗时: 0.87s
[2026-09-23 22:56:49] ⚠️ 仅读取 0.2KB 数据: http://61.10.2.145/live_freedirect/freehd209_h.live/chunklist.m3u8
[2026-09-23 22:56:49] ⚠️ 速度不足: http://61.10.2.145/live_freedirect/freehd209_h.live/chunklist.m3u8
   速度: 1.02KB/s <= 140KB/s | 数据量: 0.2KB | 总耗时: 0.87s
[2026-09-23 22:56:50] ⚠️ 仅读取 0.1KB 数据: https://gctxyc.liveplay.myqcloud.com/gc/dlst03_1/index.m3u8
[2026-09-23 22:56:50] ⚠️ 速度不足: https://gctxyc.liveplay.myqcloud.com/gc/dlst03_1/index.m3u8
   速度: 97.66KB/s <= 140KB/s | 数据量: 0.1KB | 总耗时: 1.34s
[2026-09-23 22:56:51] ✅ 测速成功: http://116.230.54.58:33988/rtp/233.18.204.188:5140
   速度: 146.93KB/s > 140KB/s | 数据量: 104.0KB | 总耗时: 1.18s
[2026-09-23 22:56:52] ⚠️ 速度不足: http://111.193.227.77:23234/rtp/239.3.1.60:8084
   速度: 129.56KB/s <= 140KB/s | 数据量: 104.0KB | 总耗时: 1.31s
[2026-09-23 22:56:54] ⚠️ 速度不足: http://111.193.162.68:8012/rtp/239.3.1.60:8084
   速度: 138.31KB/s <= 140KB/s | 数据量: 104.0KB | 总耗时: 1.27s
[2026-09-23 22:56:55] ⚠️ 速度不足: http://61.145.188.90:60033/udp/239.77.1.158:5146
   速度: 131.04KB/s <= 140KB/s | 数据量: 104.0KB | 总耗时: 1.27s
[2026-09-23 22:56:56] ✅ 测速成功: http://61.145.188.90:50055/udp/239.77.1.158:5146
   速度: 142.58KB/s > 140KB/s | 数据量: 104.0KB | 总耗时: 1.21s
[2026-09-23 22:56:58] ⚠️ 速度不足: http://182.135.66.163:1888/rtp/239.94.0.20:5140
   速度: 127.97KB/s <= 140KB/s | 数据量: 104.0KB | 总耗时: 1.36s
[2026-09-23 22:56:59] ⚠️ 速度不足: http://182.135.66.163:18888/rtp/239.94.0.20:5140
   速度: 127.77KB/s <= 140KB/s | 数据量: 104.0KB | 总耗时: 1.36s
[2026-09-23 22:57:00] ❌ 测速失败: http://t.061899.xyz/tl/tl.php?id=cctv2
   错误: ('Connection aborted.', RemoteDisconnected('Remote end closed connection without response')) | 域名: t.061899.xyz:80
[2026-09-23 22:57:01] ⚠️ 仅读取 0.1KB 数据: http://8.138.7.223/tv/1905.php?id=LIVE3YPYZ30E7V1R0
[2026-09-23 22:57:01] ⚠️ 速度不足: http://8.138.7.223/tv/1905.php?id=LIVE3YPYZ30E7V1R0
   速度: 138.67KB/s <= 140KB/s | 数据量: 0.1KB | 总耗时: 0.49s
[2026-09-23 22:57:03] ⚠️ 仅读取 0.4KB 数据: http://nn.7x9d.cn/地方台8563/海南.php?id=ssws
[2026-09-23 22:57:03] ✅ 测速成功: http://nn.7x9d.cn/地方台8563/海南.php?id=ssws
   速度: 398.44KB/s > 140KB/s | 数据量: 0.4KB | 总耗时: 2.63s
[2026-09-23 22:57:04] ⚠️ 仅读取 0.9KB 数据: http://120.76.248.139/live/bfgd/4200000488.m3u8
[2026-09-23 22:57:04] ✅ 测速成功: http://120.76.248.139/live/bfgd/4200000488.m3u8
   速度: 861.33KB/s > 140KB/s | 数据量: 0.9KB | 总耗时: 0.62s
[2026-09-23 22:57:04] ⚠️ 仅读取 0.1KB 数据: http://php.jdshipin.com/TVOD/iptv.php?id=fhzw
[2026-09-23 22:57:04] ⚠️ 速度不足: http://php.jdshipin.com/TVOD/iptv.php?id=fhzw
   速度: 72.27KB/s <= 140KB/s | 数据量: 0.1KB | 总耗时: 0.37s
[2026-09-23 22:57:05] ⚠️ 仅读取 0.1KB 数据: http://php.jdshipin.com:8880/TVOD/iptv.php?id=as
[2026-09-23 22:57:05] ⚠️ 速度不足: http://php.jdshipin.com:8880/TVOD/iptv.php?id=as
   速度: 70.31KB/s <= 140KB/s | 数据量: 0.1KB | 总耗时: 0.30s
[2026-09-23 22:57:05] ⚠️ 仅读取 0.1KB 数据: https://raw.githubusercontent.com/ChiSheng9/iptv/master/TV03.m3u8
[2026-09-23 22:57:05] ⚠️ 速度不足: https://raw.githubusercontent.com/ChiSheng9/iptv/master/TV03.m3u8
   速度: 62.50KB/s <= 140KB/s | 数据量: 0.1KB | 总耗时: 0.06s
[2026-09-23 22:57:06] ⚠️ 仅读取 0.2KB 数据: https://v3.mediacast.hk/webcast/bshdlive-pc/chunklist_w99771165.m3u8
[2026-09-23 22:57:06] ✅ 测速成功: https://v3.mediacast.hk/webcast/bshdlive-pc/chunklist_w99771165.m3u8
   速度: 208.01KB/s > 140KB/s | 数据量: 0.2KB | 总耗时: 1.34s
[2026-09-23 22:57:07] ⚠️ 仅读取 0.2KB 数据: http://phoneal.qing.mgtv.com/nn_live/nn_x64/Y2hzPSZkZWY9MSZ1aXA9MTA2LjE0LjM4LjU1JnRlcm09NSZtYWNpZD02ODZlOGNmOGM4OGU3N2VjOWEwNzkzMjg5ZjUzNDg0MmFiZWM0ZjNjJnFpZD0mcmF1dGhfZW5hYmxlPW9uJmNkbmV4X2lkPWFsX3Bob25lMyZlcz0xNzkwMjA2Nzc5JnV1aWQ9NmEwNzIxZjE5NWU2ZDU4ODBmMjIxOGZmNGE3NjI3MTgtNmEwZTI2Mzcmcz02ZWQxNWI5MTQxZDBiZWQ2N2IyNTEzMTJmN2E3MGE2MCZ1aWQ9Jm5kdj1pb3MtNi41LjAmdj0yJmFzPTAmX2NhckNvZGU9MA,,/JYKTMPP360.m3u8
[2026-09-23 22:57:07] ✅ 测速成功: http://phoneal.qing.mgtv.com/nn_live/nn_x64/Y2hzPSZkZWY9MSZ1aXA9MTA2LjE0LjM4LjU1JnRlcm09NSZtYWNpZD02ODZlOGNmOGM4OGU3N2VjOWEwNzkzMjg5ZjUzNDg0MmFiZWM0ZjNjJnFpZD0mcmF1dGhfZW5hYmxlPW9uJmNkbmV4X2lkPWFsX3Bob25lMyZlcz0xNzkwMjA2Nzc5JnV1aWQ9NmEwNzIxZjE5NWU2ZDU4ODBmMjIxOGZmNGE3NjI3MTgtNmEwZTI2Mzcmcz02ZWQxNWI5MTQxZDBiZWQ2N2IyNTEzMTJmN2E3MGE2MCZ1aWQ9Jm5kdj1pb3MtNi41LjAmdj0yJmFzPTAmX2NhckNvZGU9MA,,/JYKTMPP360.m3u8
   速度: 235.35KB/s > 140KB/s | 数据量: 0.2KB | 总耗时: 1.05s
[2026-09-23 22:57:08] ⚠️ 仅读取 0.8KB 数据: http://www.dalitv.com.tw:4568/live/dali/index.m3u8
[2026-09-23 22:57:08] ✅ 测速成功: http://www.dalitv.com.tw:4568/live/dali/index.m3u8
   速度: 808.59KB/s > 140KB/s | 数据量: 0.8KB | 总耗时: 0.78s
[2026-09-23 22:57:09] ✅ 测速成功: https://rt-glb.rttv.com/dvr/rtnews/playlist_4500Kb.m3u8
   速度: 29423.79KB/s > 140KB/s | 数据量: 104.0KB | 总耗时: 0.95s
[2026-09-23 22:57:11] ⚠️ 仅读取 49.5KB 数据: http://www.goodiptv.club/douyu/4246519
[2026-09-23 22:57:11] ✅ 测速成功: http://www.goodiptv.club/douyu/4246519
   速度: 972.89KB/s > 140KB/s | 数据量: 49.5KB | 总耗时: 2.49s
[2026-09-23 22:57:12] ⚠️ 仅读取 3.4KB 数据: http://cdn2.163189.xyz/live/gdty/stream.m3u8
[2026-09-23 22:57:12] ✅ 测速成功: http://cdn2.163189.xyz/live/gdty/stream.m3u8
   速度: 3429.69KB/s > 140KB/s | 数据量: 3.4KB | 总耗时: 0.43s
[2026-09-23 22:57:12] ⚠️ 仅读取 4.2KB 数据: https://cdn8.163189.xyz/live/lhox/stream.m3u8
[2026-09-23 22:57:12] ✅ 测速成功: https://cdn8.163189.xyz/live/lhox/stream.m3u8
   速度: 4159.18KB/s > 140KB/s | 数据量: 4.2KB | 总耗时: 0.58s
[2026-09-23 22:57:14] ⚠️ 仅读取 0.4KB 数据: http://1.94.31.214/php/hebei.php?id=hbgg
[2026-09-23 22:57:14] ✅ 测速成功: http://1.94.31.214/php/hebei.php?id=hbgg
   速度: 366.21KB/s > 140KB/s | 数据量: 0.4KB | 总耗时: 1.88s
[2026-09-23 22:57:27] ❌ 测速失败: https://44911.hlsplay.aodianyun.com/tv_radio_44911/tv_channel_1796.m3u8?auth_key=4830573978-0-0-92824c2c03f95906a3c49a4aa28f1709&extra_key=Yc1XsmxOKy2UBoPM4Wy5vCPsEYqnj06taCR2SRB2Xrg2w28NPilH03KdIbbM5wgSql-VBohSnoO9AOKl94q2t2DWMftz-XB-2qUX-UjXcS80StcSZahBFjrKLivXaRjiY5r2NOMKWMKFbv-S0Bz2G6iEXgCK8yGjtrFHDcPfAQEE0pvXq0Bwy34b7We8zARN&ali_ffmpeg_version=mpengine
   错误: HTTPSConnectionPool(host='44911.hlsplay.aodianyun.com', port=443): Max retries exceeded with url: /tv_radio_44911/tv_channel_1796.m3u8?auth_key=4830573978-0-0-92824c2c03f95906a3c49a4aa28f1709&extra_key=Yc1XsmxOKy2UBoPM4Wy5vCPsEYqnj06taCR2SRB2Xrg2w28NPilH03KdIbbM5wgSql-VBohSnoO9AOKl94q2t2DWMftz-XB-2qUX-UjXcS80StcSZahBFjrKLivXaRjiY5r2NOMKWMKFbv-S0Bz2G6iEXgCK8yGjtrFHDcPfAQEE0pvXq0Bwy34b7We8zARN&ali_ffmpeg_version=mpengine (Caused by ConnectTimeoutError(<HTTPSConnection(host='44911.hlsplay.aodianyun.com', port=443) at 0x7f3ebfaf59a0>, 'Connection to 44911.hlsplay.aodianyun.com timed out. (connect timeout=3.05)')) | 域名: 44911.hlsplay.aodianyun.com:443
[2026-09-23 22:57:29] ⚠️ 速度不足: http://43.152.224.209/qctv.fengshows.cn/live/0701pcc72.flv
   速度: 119.36KB/s <= 140KB/s | 数据量: 104.0KB | 总耗时: 1.38s
[2026-09-23 22:57:29] ⚠️ 仅读取 3.4KB 数据: http://cdn.163189.xyz/live/hoy/stream.m3u8
[2026-09-23 22:57:29] ✅ 测速成功: http://cdn.163189.xyz/live/hoy/stream.m3u8
   速度: 3429.69KB/s > 140KB/s | 数据量: 3.4KB | 总耗时: 0.18s
[2026-09-23 22:57:30] ⚠️ 仅读取 0.0KB 数据: http://cdn9.163189.xyz/smt1.1.php?id=pearl_twn
[2026-09-23 22:57:30] ⚠️ 速度不足: http://cdn9.163189.xyz/smt1.1.php?id=pearl_twn
   速度: 0.00KB/s <= 140KB/s | 数据量: 0.0KB | 总耗时: 1.37s
[2026-09-23 22:57:30] ⚠️ 仅读取 3.4KB 数据: http://cdn6.163189.xyz/163189/fct4k
[2026-09-23 22:57:30] ✅ 测速成功: http://cdn6.163189.xyz/163189/fct4k
   速度: 3429.69KB/s > 140KB/s | 数据量: 3.4KB | 总耗时: 0.19s
[2026-09-23 22:57:32] ⚠️ 仅读取 73.9KB 数据: https://rt-doc.rttv.com/dvr/rtdru/rtdru1080.m3u8
[2026-09-23 22:57:32] ✅ 测速成功: https://rt-doc.rttv.com/dvr/rtdru/rtdru1080.m3u8
   速度: 13730.56KB/s > 140KB/s | 数据量: 73.9KB | 总耗时: 1.29s
[2026-09-23 22:57:33] ✅ 测速成功: https://rt-rtd.rttv.com/dvr/rtdoc/playlist_4500Kb.m3u8
   速度: 27953.07KB/s > 140KB/s | 数据量: 104.0KB | 总耗时: 0.97s
[2026-09-23 22:57:33] ⚠️ 仅读取 2.2KB 数据: https://d4ybyqrhce41r.cloudfront.net/v1/master/3fec3e5cac39a52b2132f9c66c83dae043dc17d4/prod-xumo-linear-nbcu-hlsv3/master.m3u8?ads.channelId=99991626
[2026-09-23 22:57:33] ✅ 测速成功: https://d4ybyqrhce41r.cloudfront.net/v1/master/3fec3e5cac39a52b2132f9c66c83dae043dc17d4/prod-xumo-linear-nbcu-hlsv3/master.m3u8?ads.channelId=99991626
   速度: 2154.30KB/s > 140KB/s | 数据量: 2.2KB | 总耗时: 0.15s
[2026-09-23 22:57:34] ⚠️ 仅读取 0.3KB 数据: https://amdlive-ch01-ctnd-com.akamaized.net/arirang_1ch/smil:arirang_1ch.smil/chunklist_b3256000_sleng.m3u8
[2026-09-23 22:57:34] ✅ 测速成功: https://amdlive-ch01-ctnd-com.akamaized.net/arirang_1ch/smil:arirang_1ch.smil/chunklist_b3256000_sleng.m3u8
   速度: 267.58KB/s > 140KB/s | 数据量: 0.3KB | 总耗时: 1.25s
[2026-09-23 22:57:34] ⚠️ 仅读取 1.8KB 数据: https://dbrb49pjoymg4.cloudfront.net/v1/master/3fec3e5cac39a52b2132f9c66c83dae043dc17d4/prod_default_xumo-ams-aws/master.m3u8?ads.xumo_channelId=99991276
[2026-09-23 22:57:34] ✅ 测速成功: https://dbrb49pjoymg4.cloudfront.net/v1/master/3fec3e5cac39a52b2132f9c66c83dae043dc17d4/prod_default_xumo-ams-aws/master.m3u8?ads.xumo_channelId=99991276
   速度: 1806.64KB/s > 140KB/s | 数据量: 1.8KB | 总耗时: 0.17s
[2026-09-23 22:57:34] ⚠️ 仅读取 3.4KB 数据: https://cdn6.163189.xyz/163189/ch5
[2026-09-23 22:57:34] ✅ 测速成功: https://cdn6.163189.xyz/163189/ch5
   速度: 3429.69KB/s > 140KB/s | 数据量: 3.4KB | 总耗时: 0.10s
[2026-09-23 22:57:35] ⚠️ 仅读取 0.5KB 数据: https://d2e1asnsl7br7b.cloudfront.net/7782e205e72f43aeb4a48ec97f66ebbe/index_5.m3u8
[2026-09-23 22:57:35] ✅ 测速成功: https://d2e1asnsl7br7b.cloudfront.net/7782e205e72f43aeb4a48ec97f66ebbe/index_5.m3u8
   速度: 546.88KB/s > 140KB/s | 数据量: 0.5KB | 总耗时: 0.29s
[2026-09-23 22:57:35] ⚠️ 仅读取 0.5KB 数据: https://live.streamingfast.net/osmflivech1.m3u8
[2026-09-23 22:57:35] ✅ 测速成功: https://live.streamingfast.net/osmflivech1.m3u8
   速度: 548.83KB/s > 140KB/s | 数据量: 0.5KB | 总耗时: 0.79s
[2026-09-23 22:57:36] ⚠️ 仅读取 0.8KB 数据: http://nmxlive.akamaized.net/hls/live/529965/Live_1/index.m3u8
[2026-09-23 22:57:36] ✅ 测速成功: http://nmxlive.akamaized.net/hls/live/529965/Live_1/index.m3u8
   速度: 802.73KB/s > 140KB/s | 数据量: 0.8KB | 总耗时: 0.19s
[2026-09-23 22:57:37] ⚠️ 仅读取 2.9KB 数据: https://cdn-apse1-prod.tsv2.amagi.tv/linear/amg01076-lightningintern-petclub-samsungnz/playlist.m3u8
[2026-09-23 22:57:37] ✅ 测速成功: https://cdn-apse1-prod.tsv2.amagi.tv/linear/amg01076-lightningintern-petclub-samsungnz/playlist.m3u8
   速度: 2933.59KB/s > 140KB/s | 数据量: 2.9KB | 总耗时: 0.99s
[2026-09-23 22:57:38] ✅ 测速成功: https://rt-arb.rttv.com/dvr/rtarab/playlist_4500Kb.m3u8
   速度: 28071.79KB/s > 140KB/s | 数据量: 104.0KB | 总耗时: 1.01s
[2026-09-23 22:57:39] ✅ 测速成功: https://rt-srb.rttv.com/dvr/rtbalkan/playlist_4500Kb.m3u8
   速度: 28021.30KB/s > 140KB/s | 数据量: 104.0KB | 总耗时: 1.30s
[2026-09-23 22:57:40] ✅ 测速成功: https://rt-ger.rttv.com/dvr/rtdeutsch/playlist_4500Kb.m3u8
   速度: 28153.32KB/s > 140KB/s | 数据量: 104.0KB | 总耗时: 0.94s
[2026-09-23 22:57:41] ✅ 测速成功: https://rt-esp.rttv.com/dvr/rtesp/playlist_4500Kb.m3u8
   速度: 28206.12KB/s > 140KB/s | 数据量: 104.0KB | 总耗时: 1.18s
[2026-09-23 22:57:42] ✅ 测速成功: https://rt-fra.rttv.com/dvr/rtfrance/playlist_4500Kb.m3u8
   速度: 28080.83KB/s > 140KB/s | 数据量: 104.0KB | 总耗时: 0.89s
[2026-09-23 22:57:42] ⚠️ 仅读取 0.1KB 数据: https://lbs-us1.suprememastertv.com/720p.m3u8
[2026-09-23 22:57:42] ⚠️ 速度不足: https://lbs-us1.suprememastertv.com/720p.m3u8
   速度: 136.72KB/s <= 140KB/s | 数据量: 0.1KB | 总耗时: 0.26s
[2026-09-23 22:57:43] ⚠️ 仅读取 0.6KB 数据: https://lightning-tracesport-samsungau.amagi.tv/playlist1080p.m3u8
[2026-09-23 22:57:43] ✅ 测速成功: https://lightning-tracesport-samsungau.amagi.tv/playlist1080p.m3u8
   速度: 567.38KB/s > 140KB/s | 数据量: 0.6KB | 总耗时: 0.53s
[2026-09-23 22:57:43] ⚠️ 仅读取 0.5KB 数据: https://wildearth-plex.amagi.tv/masterR1080p.m3u8
[2026-09-23 22:57:43] ✅ 测速成功: https://wildearth-plex.amagi.tv/masterR1080p.m3u8
   速度: 537.11KB/s > 140KB/s | 数据量: 0.5KB | 总耗时: 0.34s
[2026-09-23 22:57:43] ⚠️ 仅读取 1.2KB 数据: https://d7x8z4yuq42qn.cloudfront.net/index_7.m3u8
[2026-09-23 22:57:43] ✅ 测速成功: https://d7x8z4yuq42qn.cloudfront.net/index_7.m3u8
   速度: 1175.78KB/s > 140KB/s | 数据量: 1.2KB | 总耗时: 0.29s
[2026-09-23 22:57:43] ✅ 测速成功: https://res.cctvnews.cctv.com/video/3005/record/cctv/merge1/133396667284143308839013005/8fbd6180bdef4da19f6155cf6b4652e1-4.m3u8
   速度: 12995.52KB/s > 140KB/s | 数据量: 104.0KB | 总耗时: 0.17s
[2026-09-23 22:57:44] ⚠️ 仅读取 0.3KB 数据: http://utv1.hqtvzb.com:9999/hls/world.m3u8
[2026-09-23 22:57:44] ✅ 测速成功: http://utv1.hqtvzb.com:9999/hls/world.m3u8
   速度: 257.81KB/s > 140KB/s | 数据量: 0.3KB | 总耗时: 0.72s
[2026-09-23 22:57:45] ⚠️ 仅读取 0.3KB 数据: http://ottproxy2.ist.ooo/livehls/MOB-U1-NO/03.m3u8
[2026-09-23 22:57:45] ✅ 测速成功: http://ottproxy2.ist.ooo/livehls/MOB-U1-NO/03.m3u8
   速度: 328.12KB/s > 140KB/s | 数据量: 0.3KB | 总耗时: 0.56s
